// Jest Snapshot v1, https://goo.gl/fbAQLP

exports[`test icon component render successfully 1`] = `
<svg
  className="gui-icon"
>
  <use
    xlinkHref="#qq"
  />
</svg>
`;
