// Jest Snapshot v1, https://goo.gl/fbAQLP

exports[`button button is a div 1`] = `
<div>
  按钮
</div>
`;
